
> personal-finance-tracker@1.0.0 build
> tsc && vite build

vite v4.5.14 building for production...
transforming...
[plugin:vite:resolve] Module "fs" has been externalized for browser compatibility, imported by "/Users/satheeshs-1136/FinancialPlan/node_modules/@sendgrid/helpers/classes/attachment.js". See http://vitejs.dev/guide/troubleshooting.html#module-externalized-for-browser-compatibility for more details.
[plugin:vite:resolve] Module "path" has been externalized for browser compatibility, imported by "/Users/satheeshs-1136/FinancialPlan/node_modules/@sendgrid/helpers/classes/attachment.js". See http://vitejs.dev/guide/troubleshooting.html#module-externalized-for-browser-compatibility for more details.
✓ 2657 modules transformed.
rendering chunks...
[plugin:vite:reporter] 
(!) /Users/satheeshs-1136/FinancialPlan/src/services/aiService.ts is dynamically imported by /Users/satheeshs-1136/FinancialPlan/src/pages/Assets.tsx, /Users/satheeshs-1136/FinancialPlan/src/pages/Transactions.tsx but also statically imported by /Users/satheeshs-1136/FinancialPlan/src/components/common/FileUploader.tsx, /Users/satheeshs-1136/FinancialPlan/src/components/onboarding/steps/AssetsStep.tsx, dynamic import will not move module into another chunk.

[plugin:vite:reporter] 
(!) /Users/satheeshs-1136/FinancialPlan/src/services/bankStatementParser.ts is dynamically imported by /Users/satheeshs-1136/FinancialPlan/src/services/gmailCrawlerService.ts but also statically imported by /Users/satheeshs-1136/FinancialPlan/src/components/common/FileUploader.tsx, dynamic import will not move module into another chunk.

[plugin:vite:reporter] 
(!) /Users/satheeshs-1136/FinancialPlan/src/services/duplicateDetectionService.ts is dynamically imported by /Users/satheeshs-1136/FinancialPlan/src/components/common/FileUploader.tsx, /Users/satheeshs-1136/FinancialPlan/src/contexts/DataContext.tsx, /Users/satheeshs-1136/FinancialPlan/src/pages/Transactions.tsx but also statically imported by /Users/satheeshs-1136/FinancialPlan/src/components/settings/DuplicateDetectionTester.tsx, /Users/satheeshs-1136/FinancialPlan/src/utils/testDuplicateDetection.ts, dynamic import will not move module into another chunk.

[plugin:vite:reporter] 
(!) /Users/satheeshs-1136/FinancialPlan/src/constants/categories.ts is dynamically imported by /Users/satheeshs-1136/FinancialPlan/src/contexts/DataContext.tsx but also statically imported by /Users/satheeshs-1136/FinancialPlan/src/components/admin/CategoryConfigInit.tsx, dynamic import will not move module into another chunk.

computing gzip size...
dist/manifest.webmanifest                            0.36 kB
dist/index.html                                      0.61 kB │ gzip:   0.35 kB
dist/assets/index-c77f90d4.css                     119.25 kB │ gzip:  17.08 kB
dist/assets/workbox-window.prod.es5-d772c227.js      5.80 kB │ gzip:   2.40 kB
dist/assets/defaultCategoryRules-3ca29a19.js        11.56 kB │ gzip:   1.13 kB
dist/assets/pdf-0682a07e.js                        451.70 kB │ gzip: 132.19 kB
dist/assets/data-8d3350b0.js                       666.20 kB │ gzip:  96.77 kB
dist/assets/index-a87fa71c.js                    2,478.77 kB │ gzip: 651.33 kB

(!) Some chunks are larger than 500 kBs after minification. Consider:
- Using dynamic import() to code-split the application
- Use build.rollupOptions.output.manualChunks to improve chunking: https://rollupjs.org/configuration-options/#output-manualchunks
- Adjust chunk size limit for this warning via build.chunkSizeWarningLimit.
error during build:
Error: 
  Configure "workbox.maximumFileSizeToCacheInBytes" to change the limit: the default value is 2 MiB.
  Check https://vite-pwa-org.netlify.app/guide/faq.html#missing-assets-from-sw-precache-manifest for more information.
  Assets exceeding the limit:
  - assets/index-a87fa71c.js is 2.48 MB, and won't be precached.

    at logWorkboxResult (file:///Users/satheeshs-1136/FinancialPlan/node_modules/vite-plugin-pwa/dist/chunk-G4TAN34B.js:44:13)
    at generateServiceWorker (file:///Users/satheeshs-1136/FinancialPlan/node_modules/vite-plugin-pwa/dist/index.js:209:3)
    at async _generateSW (file:///Users/satheeshs-1136/FinancialPlan/node_modules/vite-plugin-pwa/dist/index.js:234:5)
    at async Object.handler (file:///Users/satheeshs-1136/FinancialPlan/node_modules/vite-plugin-pwa/dist/index.js:427:13)
    at async PluginDriver.hookParallel (file:///Users/satheeshs-1136/FinancialPlan/node_modules/rollup/dist/es/shared/node-entry.js:25466:17)
    at async Object.close (file:///Users/satheeshs-1136/FinancialPlan/node_modules/rollup/dist/es/shared/node-entry.js:26726:13)
    at async build (file:///Users/satheeshs-1136/FinancialPlan/node_modules/vite/dist/node/chunks/dep-827b23df.js:48151:13)
    at async CAC.<anonymous> (file:///Users/satheeshs-1136/FinancialPlan/node_modules/vite/dist/node/cli.js:843:9)
